<!DOCTYPE html>
<html lang="en">
<head>
	<meta charset="utf-8">
	<title></title>
	<script>function cdnizerLoad(u) {document.write('<scr'+'ipt src="'+encodeURIComponent(u)+'"></scr'+'ipt>');}</script><link href="http://netdna.bootstrapcdn.com/font-awesome/3.2.1/css/font-awesome.css" rel="stylesheet">
	<link rel="stylesheet" href="css/main-ab12cd34.css">
</head>
<body>
<h1>Hello World</h1>
<script src="//examplecdn/js/vendor/angular/angular.min.js"></script><script>if(!(window.angular)) cdnizerLoad("js/vendor/angular/angular.min.js");</script>
<script src="js/vendor/firebase/firebase.js"></script>
<script src="js/vendor/angularfire/angularfire.js"></script>
<script src="js/app/app.js"></script>
</body>
</html>
